This script was generated by crab (version 2.10.5_patch1).
Running /storage/local/data1/condor/execute/dir_26806/condor_exec.exe with 2 positional parameters: 5 1
Beginning environment
CMSSW_GIT_REFERENCE=/uscmst1/prod/sw/cms/cmssw.git/
CMS_PATH=/uscmst1/prod/sw/cms
COBBLER_SERVER=131.225.204.135
CONDOR_ID=319959.4
CVSROOT=:gserver:cmssw.cvs.cern.ch:/local/reps/CMSSW
CVS_RSH=ssh
GLITE_LOCAL_COPY_RETRY_COUNT=2
GLITE_LOCAL_COPY_RETRY_FIRST_WAIT=120
GLOBUS_LOCATION=/usr
G_BROKEN_FILENAMES=1
HISTCONTROL=ignoredups
HISTSIZE=1000
HOSTNAME=cmswn1853.fnal.gov
LANG=C
LESSOPEN=|/usr/bin/lesspipe.sh %s
LOGNAME=jdimasva
MAIL=/var/spool/mail/jdimasva
MANPATH=/uscmst1/prod/sw/cms/share/man:
OSG_GRID=/etc/osg/wn-client/
OSG_WN_TMP=/storage/local/data1/condor/execute/dir_26806
PATH=/bin:/usr/bin:/uscmst1/prod/sw/cms/common:/uscmst1/prod/sw/cms/bin:/usr/krb5/bin:/usr/lib64/qt-3.3/bin:/usr/local/bin:/bin:/usr/bin:/usr/local/sbin:/usr/sbin:/sbin
PWD=/storage/local/data1/condor/execute/dir_26806
QTDIR=/usr/lib64/qt-3.3
QTINC=/usr/lib64/qt-3.3/include
QTLIB=/usr/lib64/qt-3.3/lib
SCRAM_ARCH=slc5_amd64_gcc462
SHLVL=1
TEMP=/storage/local/data1/condor/execute/dir_26806
TMP=/storage/local/data1/condor/execute/dir_26806
TMPDIR=/storage/local/data1/condor/execute/dir_26806
USER=jdimasva
VO_CMS_SW_DIR=/uscmst1/prod/sw/cms
X509_USER_PROXY=/storage/local/data1/condor/execute/dir_26806/x509up_u48631
_=/usr/bin/printenv
_CONDOR_ANCESTOR_26806=26810:1399768645:3091714924
_CONDOR_ANCESTOR_7809=7812:1396610448:3341316263
_CONDOR_ANCESTOR_7812=26806:1399768643:3219342543
_CONDOR_JOB_AD=/storage/local/data1/condor/execute/dir_26806/.job.ad
_CONDOR_JOB_IWD=/storage/local/data1/condor/execute/dir_26806
_CONDOR_JOB_PIDS=
_CONDOR_MACHINE_AD=/storage/local/data1/condor/execute/dir_26806/.machine.ad
_CONDOR_SCRATCH_DIR=/storage/local/data1/condor/execute/dir_26806
_CONDOR_SLOT=slot7
_CONDOR_WRAPPER_ERROR_FILE=/storage/local/data1/condor/execute/dir_26806/.job_wrapper_failure
_JAVA_OPTIONS=-Xmx1024m
myverbose=no
cd to Condor scratch directory: /storage/local/data1/condor/execute/dir_26806
Today is Sat May 10 19:37:25 CDT 2014 - Sun May 11 00:37:25 UTC 2014
Job submitted on host cmswn1853.fnal.gov
Linux cmswn1853.fnal.gov 2.6.32-431.11.2.el6.x86_64 #1 SMP Tue Mar 25 11:15:18 CDT 2014 x86_64 x86_64 x86_64 GNU/Linux
>>> current directory (RUNTIME_AREA): /storage/local/data1/condor/execute/dir_26806
>>> current user: uid=48631(jdimasva) gid=5063(us_cms) groups=5063(us_cms),9237(lpcgem)
>>> directory permission set to 0700
>>> umask set to:  u=rwx,g=,o=
>>> stdout stderr permission set to 0704
>>> voms proxy information:
subject   : /DC=ch/DC=cern/OU=Organic Units/OU=Users/CN=jdimasva/CN=753283/CN=Jose Roberto Dimas Valle/CN=279748057
issuer    : /DC=ch/DC=cern/OU=Organic Units/OU=Users/CN=jdimasva/CN=753283/CN=Jose Roberto Dimas Valle
identity  : /DC=ch/DC=cern/OU=Organic Units/OU=Users/CN=jdimasva/CN=753283/CN=Jose Roberto Dimas Valle
type      : RFC compliant proxy
strength  : 1024 bits
path      : /storage/local/data1/condor/execute/dir_26806/x509up_u48631
timeleft  : 189:43:36
key usage : Digital Signature, Key Encipherment, Data Encipherment
=== VO cms extension information ===
VO        : cms
subject   : /DC=ch/DC=cern/OU=Organic Units/OU=Users/CN=jdimasva/CN=753283/CN=Jose Roberto Dimas Valle
issuer    : /DC=ch/DC=cern/OU=computers/CN=lcg-voms.cern.ch
attribute : /cms/Role=NULL/Capability=NULL
timeleft  : 189:43:36
uri       : lcg-voms.cern.ch:15002
WNHostName=cmswn1853.fnal.gov
>>> tar --no-same-permissions -xf /storage/local/data1/condor/execute/dir_26806/default.tgz :
Successful untar
>>> Include /storage/local/data1/condor/execute/dir_26806 in PYTHONPATH:
strip arguments
out_files_5
>>> list of expected files on output sandbox
output files: crab_fjr_5.xml CMSSW_5.stdout CMSSW_5.stderr Watchdog_5.log.gz
MonitorJobID=5_https://cmslpc35.fnal.gov/2c67b217e2e944be6f6fe9018ffc08b8fdd6ff57/5
SyncGridJobId=https://cmslpc35.fnal.gov/2c67b217e2e944be6f6fe9018ffc08b8fdd6ff57/5
MonitorID=jdimasva_crab_runL1_SLHC_bd760f
SyncCE=condor.fnal.gov
>>> info for dashboard:
***** Cat /storage/local/data1/condor/execute/dir_26806/jobreport.txt *****
WNHostName=cmswn1853.fnal.gov
MonitorJobID=5_https://cmslpc35.fnal.gov/2c67b217e2e944be6f6fe9018ffc08b8fdd6ff57/5
SyncGridJobId=https://cmslpc35.fnal.gov/2c67b217e2e944be6f6fe9018ffc08b8fdd6ff57/5
MonitorID=jdimasva_crab_runL1_SLHC_bd760f
SyncCE=condor.fnal.gov
***** End Cat jobreport *****
Parameters sent to Dashboard.
>>> setup environment
set SCRAM ARCH to slc5_amd64_gcc472
SCRAM_ARCH = slc5_amd64_gcc472
>>> specific cmssw setup environment:
CMSSW_VERSION =  CMSSW_6_2_0_SLHC12
WARNING: Developer's area is created for architecture slc5_amd64_gcc472 while your current OS is SLC6.
>>> current directory (SOFTWARE_DIR): /storage/local/data1/condor/execute/dir_26806/CMSSW_6_2_0_SLHC12
PreserveSeeds: <>
IncrementSeeds:<>
>>> info for dashboard:
***** Cat /storage/local/data1/condor/execute/dir_26806/jobreport.txt *****
MonitorJobID=5_https://cmslpc35.fnal.gov/2c67b217e2e944be6f6fe9018ffc08b8fdd6ff57/5
MonitorID=jdimasva_crab_runL1_SLHC_bd760f
***** End Cat jobreport *****
Parameters sent to Dashboard.
crabWatchdog started as process 26991
>>> moving CMSSW software directories in /storage/local/data1/condor/execute/dir_26806/CMSSW_6_2_0_SLHC12
mv: cannot stat `/storage/local/data1/condor/execute/dir_26806/module/': No such file or directory
>>> Include /storage/local/data1/condor/execute/dir_26806 in PYTHONPATH:
PYTHONPATH=/storage/local/data1/condor/execute/dir_26806/:/storage/local/data1/condor/execute/dir_26806/CMSSW_6_2_0_SLHC12/python:/storage/local/data1/condor/execute/dir_26806/CMSSW_6_2_0_SLHC12/lib/slc5_amd64_gcc472:/uscmst1/prod/sw/cms/slc5_amd64_gcc472/cms/cmssw/CMSSW_6_2_0_SLHC12/python:/uscmst1/prod/sw/cms/slc5_amd64_gcc472/cms/cmssw/CMSSW_6_2_0_SLHC12/lib/slc5_amd64_gcc472:/uscmst1/prod/sw/cms/slc5_amd64_gcc472/cms/coral/CORAL_2_3_21-cms36/slc5_amd64_gcc472/python:/uscmst1/prod/sw/cms/slc5_amd64_gcc472/cms/coral/CORAL_2_3_21-cms36/slc5_amd64_gcc472/lib:/uscmst1/prod/sw/cms/slc5_amd64_gcc472/external/pyqt/4.8.1-cms6/lib/python2.7/site-packages:/uscmst1/prod/sw/cms/slc5_amd64_gcc472/external/py2-scipy/0.8.0-cms8/lib/python2.7/site-packages:/uscmst1/prod/sw/cms/slc5_amd64_gcc472/external/py2-matplotlib/1.0.1-cms8/lib/python2.7/site-packages:/uscmst1/prod/sw/cms/slc5_amd64_gcc472/external/python-ldap/2.3.5-cms6/lib/python2.7/site-packages:/uscmst1/prod/sw/cms/slc5_amd64_gcc472/external/sip/4.11.2-cms6/lib/python2.7/site-packages:/uscmst1/prod/sw/cms/slc5_amd64_gcc472/external/py2-pycurl/7.19.0-cms8/lib/python2.7/site-packages:/uscmst1/prod/sw/cms/slc5_amd64_gcc472/external/py2-numpy/1.6.1-cms8/lib/python2.7/site-packages:/uscmst1/prod/sw/cms/slc5_amd64_gcc472/external/py2-lint/0.25.1-cms6/lib/python2.7/site-packages:/uscmst1/prod/sw/cms/slc5_amd64_gcc472/external/py2-ipython/0.10-cms6/lib/python2.7/site-packages:/uscmst1/prod/sw/cms/slc5_amd64_gcc472/external/py2-cx-oracle/5.1-cms7/lib/python2.7/site-packages:/uscmst1/prod/sw/cms/slc5_amd64_gcc472/external/py2-cjson/1.0.5-cms6/lib/python2.7/site-packages:/uscmst1/prod/sw/cms/slc5_amd64_gcc472/cms/das-client/1.11.7/bin:/uscmst1/prod/sw/cms/slc5_amd64_gcc472/external/elementtree/1.2.6-cms6/share/lib/python2.7/site-packages:/uscmst1/prod/sw/cms/slc5_amd64_gcc472/external/rivet/1.8.2-cms8/lib/python2.7/site-packages:/uscmst1/prod/sw/cms/slc5_amd64_gcc472/external/pyminuit2/0.0.1-cms19/lib/python2.7/site-packages:/uscmst1/prod/sw/cms/slc5_amd64_gcc472/external/py2-pygithub/1.23.0/lib/python2.7/site-packages:/uscmst1/prod/sw/cms/slc5_amd64_gcc472/external/professor/1.0.0-cms19/lib/python2.7/site-packages:/uscmst1/prod/sw/cms/slc5_amd64_gcc472/lcg/root/5.34.07-cms/lib:/uscmst1/prod/sw/cms/slc5_amd64_gcc472/cms/dbs-client/DBS_2_1_9-cms5/lib:/uscmst1/prod/sw/cms/slc5_amd64_gcc472/cms/dbs-client/DBS_2_1_9-cms5/lib/DBSAPI:/uscmst1/prod/sw/cms/slc5_amd64_gcc472/external/cvs2git/5419-cms/lib:/storage/local/data1/condor/execute/dir_26806/
 
# LIMITS USED BY CRAB WATCHDOG:
# RSS  (KBytes)   : 2300000
# VSZ  (KBytes)   : 100000000
# DISK (MBytes)   : 19000
# CPU TIME        : 720h:0m:0s
# WALL CLOCK TIME : 21h:50m:0s
 
e8f3f0e0b2108b87f703b2f952bd71c6
PSETHASH = e8f3f0e0b2108b87f703b2f952bd71c6
/storage/local/data1/condor/execute/dir_26806/writeCfg.py pset.py pset.py
Importing .py file
Setting parameters
RandomNumberGeneratorService found, will attempt to change seeds
inputBlocks=/SingleMuPt2-50Fwdv2_1M/jdimasva-SingleMuPt2-50Fwdv2_100K_DIGI_PU140-7444237097ec40e1cd737724f1a85642/USER#2896b96a-9e02-4fe5-8603-a6a6998a7980
inputFiles=/store/user/jdimasva/SingleMuPt2-50Fwdv2_100K_DIGI_PU140/jdimasva/SingleMuPt2-50Fwdv2_1M/SingleMuPt2-50Fwdv2_100K_DIGI_PU140/7444237097ec40e1cd737724f1a85642/out_digi_151_3_1e8.root;/store/user/jdimasva/SingleMuPt2-50Fwdv2_100K_DIGI_PU140/jdimasva/SingleMuPt2-50Fwdv2_1M/SingleMuPt2-50Fwdv2_100K_DIGI_PU140/7444237097ec40e1cd737724f1a85642/out_digi_152_1_k0D.root;/store/user/jdimasva/SingleMuPt2-50Fwdv2_100K_DIGI_PU140/jdimasva/SingleMuPt2-50Fwdv2_1M/SingleMuPt2-50Fwdv2_100K_DIGI_PU140/7444237097ec40e1cd737724f1a85642/out_digi_153_1_O3s.root;/store/user/jdimasva/SingleMuPt2-50Fwdv2_100K_DIGI_PU140/jdimasva/SingleMuPt2-50Fwdv2_1M/SingleMuPt2-50Fwdv2_100K_DIGI_PU140/7444237097ec40e1cd737724f1a85642/out_digi_154_2_xni.root;/store/user/jdimasva/SingleMuPt2-50Fwdv2_100K_DIGI_PU140/jdimasva/SingleMuPt2-50Fwdv2_1M/SingleMuPt2-50Fwdv2_100K_DIGI_PU140/7444237097ec40e1cd737724f1a85642/out_digi_155_2_gqL.root;/store/user/jdimasva/SingleMuPt2-50Fwdv2_100K_DIGI_PU140/jdimasva/SingleMuPt2-50Fwdv2_1M/SingleMuPt2-50Fwdv2_100K_DIGI_PU140/7444237097ec40e1cd737724f1a85642/out_digi_156_2_z6L.root;/store/user/jdimasva/SingleMuPt2-50Fwdv2_100K_DIGI_PU140/jdimasva/SingleMuPt2-50Fwdv2_1M/SingleMuPt2-50Fwdv2_100K_DIGI_PU140/7444237097ec40e1cd737724f1a85642/out_digi_157_2_UzI.root;/store/user/jdimasva/SingleMuPt2-50Fwdv2_100K_DIGI_PU140/jdimasva/SingleMuPt2-50Fwdv2_1M/SingleMuPt2-50Fwdv2_100K_DIGI_PU140/7444237097ec40e1cd737724f1a85642/out_digi_158_1_iWU.root;/store/user/jdimasva/SingleMuPt2-50Fwdv2_100K_DIGI_PU140/jdimasva/SingleMuPt2-50Fwdv2_1M/SingleMuPt2-50Fwdv2_100K_DIGI_PU140/7444237097ec40e1cd737724f1a85642/out_digi_159_3_2MV.root;/store/user/jdimasva/SingleMuPt2-50Fwdv2_100K_DIGI_PU140/jdimasva/SingleMuPt2-50Fwdv2_1M/SingleMuPt2-50Fwdv2_100K_DIGI_PU140/7444237097ec40e1cd737724f1a85642/out_digi_160_4_h3E.root;/store/user/jdimasva/SingleMuPt2-50Fwdv2_100K_DIGI_PU140/jdimasva/SingleMuPt2-50Fwdv2_1M/SingleMuPt2-50Fwdv2_100K_DIGI_PU140/7444237097ec40e1cd737724f1a85642/out_digi_161_2_AM7.root;/store/user/jdimasva/SingleMuPt2-50Fwdv2_100K_DIGI_PU140/jdimasva/SingleMuPt2-50Fwdv2_1M/SingleMuPt2-50Fwdv2_100K_DIGI_PU140/7444237097ec40e1cd737724f1a85642/out_digi_162_2_Fpk.root;/store/user/jdimasva/SingleMuPt2-50Fwdv2_100K_DIGI_PU140/jdimasva/SingleMuPt2-50Fwdv2_1M/SingleMuPt2-50Fwdv2_100K_DIGI_PU140/7444237097ec40e1cd737724f1a85642/out_digi_163_2_r0c.root;/store/user/jdimasva/SingleMuPt2-50Fwdv2_100K_DIGI_PU140/jdimasva/SingleMuPt2-50Fwdv2_1M/SingleMuPt2-50Fwdv2_100K_DIGI_PU140/7444237097ec40e1cd737724f1a85642/out_digi_164_1_X2s.root;/store/user/jdimasva/SingleMuPt2-50Fwdv2_100K_DIGI_PU140/jdimasva/SingleMuPt2-50Fwdv2_1M/SingleMuPt2-50Fwdv2_100K_DIGI_PU140/7444237097ec40e1cd737724f1a85642/out_digi_165_2_9yC.root;/store/user/jdimasva/SingleMuPt2-50Fwdv2_100K_DIGI_PU140/jdimasva/SingleMuPt2-50Fwdv2_1M/SingleMuPt2-50Fwdv2_100K_DIGI_PU140/7444237097ec40e1cd737724f1a85642/out_digi_166_3_dIl.root;/store/user/jdimasva/SingleMuPt2-50Fwdv2_100K_DIGI_PU140/jdimasva/SingleMuPt2-50Fwdv2_1M/SingleMuPt2-50Fwdv2_100K_DIGI_PU140/7444237097ec40e1cd737724f1a85642/out_digi_167_2_g60.root;/store/user/jdimasva/SingleMuPt2-50Fwdv2_100K_DIGI_PU140/jdimasva/SingleMuPt2-50Fwdv2_1M/SingleMuPt2-50Fwdv2_100K_DIGI_PU140/7444237097ec40e1cd737724f1a85642/out_digi_168_2_Dv5.root;/store/user/jdimasva/SingleMuPt2-50Fwdv2_100K_DIGI_PU140/jdimasva/SingleMuPt2-50Fwdv2_1M/SingleMuPt2-50Fwdv2_100K_DIGI_PU140/7444237097ec40e1cd737724f1a85642/out_digi_169_3_YlD.root;/store/user/jdimasva/SingleMuPt2-50Fwdv2_100K_DIGI_PU140/jdimasva/SingleMuPt2-50Fwdv2_1M/SingleMuPt2-50Fwdv2_100K_DIGI_PU140/7444237097ec40e1cd737724f1a85642/out_digi_170_1_sOn.root;/store/user/jdimasva/SingleMuPt2-50Fwdv2_100K_DIGI_PU140/jdimasva/SingleMuPt2-50Fwdv2_1M/SingleMuPt2-50Fwdv2_100K_DIGI_PU140/7444237097ec40e1cd737724f1a85642/out_digi_171_2_OS3.root;/store/user/jdimasva/SingleMuPt2-50Fwdv2_100K_DIGI_PU140/jdimasva/SingleMuPt2-50Fwdv2_1M/SingleMuPt2-50Fwdv2_100K_DIGI_PU140/7444237097ec40e1cd737724f1a85642/out_digi_172_2_RqV.root;/store/user/jdimasva/SingleMuPt2-50Fwdv2_100K_DIGI_PU140/jdimasva/SingleMuPt2-50Fwdv2_1M/SingleMuPt2-50Fwdv2_100K_DIGI_PU140/7444237097ec40e1cd737724f1a85642/out_digi_173_1_TIB.root;/store/user/jdimasva/SingleMuPt2-50Fwdv2_100K_DIGI_PU140/jdimasva/SingleMuPt2-50Fwdv2_1M/SingleMuPt2-50Fwdv2_100K_DIGI_PU140/7444237097ec40e1cd737724f1a85642/out_digi_174_2_S1K.root;/store/user/jdimasva/SingleMuPt2-50Fwdv2_100K_DIGI_PU140/jdimasva/SingleMuPt2-50Fwdv2_1M/SingleMuPt2-50Fwdv2_100K_DIGI_PU140/7444237097ec40e1cd737724f1a85642/out_digi_175_4_JiD.root
parentFiles=
lumisRange=
>>> Executable cmsRun
/uscmst1/prod/sw/cms/slc5_amd64_gcc472/cms/cmssw/CMSSW_6_2_0_SLHC12/bin/slc5_amd64_gcc472/cmsRun
ok executable found
>>> info for dashboard:
***** Cat /storage/local/data1/condor/execute/dir_26806/jobreport.txt *****
MonitorJobID=5_https://cmslpc35.fnal.gov/2c67b217e2e944be6f6fe9018ffc08b8fdd6ff57/5
MonitorID=jdimasva_crab_runL1_SLHC_bd760f
ExeStart=cmsRun
***** End Cat jobreport *****
Parameters sent to Dashboard.
>>> cmsRun started at Sun May 11 00:37:35 UTC 2014
>>> cmsRun ended at Sun May 11 00:37:48 UTC 2014
>>> crab_fjr_*.xml  permission set to 0704
>>> info for dashboard:
***** Cat /storage/local/data1/condor/execute/dir_26806/jobreport.txt *****
MonitorJobID=5_https://cmslpc35.fnal.gov/2c67b217e2e944be6f6fe9018ffc08b8fdd6ff57/5
MonitorID=jdimasva_crab_runL1_SLHC_bd760f
ExeEnd=cmsRun
***** End Cat jobreport *****
Parameters sent to Dashboard.
TIME_EXE = 13 sec
>>> cmsRun wrote 15 lines of stdout+stderr
>>> START OF printout of 15 lines from stdout+stderr
271 DQMStore::DQMStore 
HcalTopologyIdealEP::HcalTopologyIdealEP
10-May-2014 19:37:46 CDT  Initiating request to open file root://cmsxrootd-site.fnal.gov//store/user/jdimasva/SingleMuPt2-50Fwdv2_100K_DIGI_PU140/jdimasva/SingleMuPt2-50Fwdv2_1M/SingleMuPt2-50Fwdv2_100K_DIGI_PU140/7444237097ec40e1cd737724f1a85642/out_digi_151_3_1e8.root
10-May-2014 19:37:47 CDT  Successfully opened file root://cmsxrootd-site.fnal.gov//store/user/jdimasva/SingleMuPt2-50Fwdv2_100K_DIGI_PU140/jdimasva/SingleMuPt2-50Fwdv2_1M/SingleMuPt2-50Fwdv2_100K_DIGI_PU140/7444237097ec40e1cd737724f1a85642/out_digi_151_3_1e8.root
disableME1a = 0
10-May-2014 19:37:48 CDT  Closed file root://cmsxrootd-site.fnal.gov//store/user/jdimasva/SingleMuPt2-50Fwdv2_100K_DIGI_PU140/jdimasva/SingleMuPt2-50Fwdv2_1M/SingleMuPt2-50Fwdv2_100K_DIGI_PU140/7444237097ec40e1cd737724f1a85642/out_digi_151_3_1e8.root
----- Begin Fatal Exception 10-May-2014 19:37:48 CDT-----------------------
An exception of category 'Configuration' occurred while
   [0] Constructing the EventProcessor
   [1] Constructing module: class=CSCTriggerPrimitivesProducer label='simCscTriggerPrimitiveDigis'
Exception Message:
StatusMismatch: Parameter 'dropLowQualityALCTsNoGEMs_ME1a' is designated as untracked in the code,
but is not designated as untracked in the configuration file.
Please change the configuration file to 'untracked <type> dropLowQualityALCTsNoGEMs_ME1a'.
----- End Fatal Exception -------------------------------------------------
>>> END OF printout of 15 lines from stdout+stderr
>>> ERROR: Fatal Exception from CMSSW:
----- Begin Fatal Exception 10-May-2014 19:37:48 CDT-----------------------
An exception of category 'Configuration' occurred while
   [0] Constructing the EventProcessor
   [1] Constructing module: class=CSCTriggerPrimitivesProducer label='simCscTriggerPrimitiveDigis'
Exception Message:
StatusMismatch: Parameter 'dropLowQualityALCTsNoGEMs_ME1a' is designated as untracked in the code,
but is not designated as untracked in the configuration file.
Please change the configuration file to 'untracked <type> dropLowQualityALCTsNoGEMs_ME1a'.
----- End Fatal Exception -------------------------------------------------
>>> Parse FrameworkJobReport crab_fjr.xml
Result of parsing the FrameworkJobReport crab_fjr.xml: 
Extracted ExitStatus from FrameworkJobReport parsing output: 8009
>>> Executable failed  8009
ExeExitCode=8009
EXECUTABLE_EXIT_STATUS = 8009
CrabWrapper EXIT_FUNC entered at Sat May 10 19:37:51 CDT 2014   -  Sun May 11 00:37:51 UTC 2014
Checking output files:  
will tar file crab_fjr_5.xml in  out_files_5
WARNING: output file CMSSW_5.stdout not found!
WARNING: output file CMSSW_5.stderr not found!
WARNING: output file Watchdog_5.log.gz not found!
>>> padding time: Wrapper lasting more than 0 seconds. No sleep required.
STOPPING WATCHDOG. CrabWatchdog PID is 26991
********** LAST 50 LINES OF WATCHDOG LOG
# RESOURCE USAGE SUMMARY FOR PROCESS ID 26810
USER       PID %CPU %MEM    VSZ   RSS TTY      STAT START   TIME COMMAND
jdimasva 26810  0.6  0.0  14436  1912 ?        SNs  19:37   0:00 /bin/sh /storage/local/data1/condor/execute/dir_26806/condor_exec.exe 5 1
 
# LIMITS USED BY CRAB WATCHDOG:
# RSS  (KBytes)   : 2300000
# VSZ  (KBytes)   : 100000000
# DISK (MBytes)   : 19000
# CPU TIME        : 720h:0m:0s
# WALL CLOCK TIME : 21h:50m:0s
 
# FOLLOWING PRINTOUT TRACKS MAXIMUM VALUES OF RESOURCES USE
# ONE LINE IS PRINTED EACH TIME A MAXIMUM CHANGES
# IF CHANGE WAS IN RSS OR VSZ ALSO PROCID AND COMMAND ARE PRINTED
# THERE IS NO PRINTOUT FOR CPU/WALL TIME INCREASE
 
# TIME			PID	RSS(KB)	VSZ(KB)	Dsk(MB)	tCPU(s)	tWALL(s)	COMMAND
 May 10 19:37:30 CDT	26810	1912	14436	0	0	0	/bin/sh /storage/local/data1/condor/execute/dir_26806/condor_exec.exe 5 1       
 May 10 19:37:30 CDT	27003	22124	89464	0	0	0	edmConfigHash pset.py         
 May 10 19:37:30 CDT	---	22124	89464	138	----	----	----
********** WATCHDOG LOG ENDED
ZIPPING WATCHDOG LOG
Disk space used:
du -sh /storage/local/data1/condor/execute/dir_26806
182M	/storage/local/data1/condor/execute/dir_26806
Found unusual stdout, rename for OSB
`/storage/local/data1/condor/execute/dir_26806/_condor_stdout' -> `CMSSW_5.stdout'
Found unusual stderr, rename for OSB
`/storage/local/data1/condor/execute/dir_26806/_condor_stdout' -> `CMSSW_5.stderr'
JOB_EXIT_STATUS = 8009
>>> info for dashboard:
***** Cat /storage/local/data1/condor/execute/dir_26806/jobreport.txt *****
MonitorJobID=5_https://cmslpc35.fnal.gov/2c67b217e2e944be6f6fe9018ffc08b8fdd6ff57/5
MonitorID=jdimasva_crab_runL1_SLHC_bd760f
ExeTime=13
ExeExitCode=8009
CrabUserCpuTime=10.53
CrabSysCpuTime=0.82
CrabCpuPercentage=83%
CrabWrapperTime=25
CrabStageoutTime=NULL
JobExitCode=8009
***** End Cat jobreport *****
Parameters sent to Dashboard.
EXITING at Sat May 10 19:37:52 CDT 2014  -  Sun May 11 00:37:52 UTC 2014
