This script was generated by crab (version 2.10.5_patch1).
Running /storage/local/data1/condor/execute/dir_30582/condor_exec.exe with 2 positional parameters: 4 1
Beginning environment
CMSSW_GIT_REFERENCE=/uscmst1/prod/sw/cms/cmssw.git/
CMS_PATH=/uscmst1/prod/sw/cms
COBBLER_SERVER=131.225.204.135
CONDOR_ID=319959.3
CVSROOT=:gserver:cmssw.cvs.cern.ch:/local/reps/CMSSW
CVS_RSH=ssh
GLITE_LOCAL_COPY_RETRY_COUNT=2
GLITE_LOCAL_COPY_RETRY_FIRST_WAIT=120
GLOBUS_LOCATION=/usr
G_BROKEN_FILENAMES=1
HISTCONTROL=ignoredups
HISTSIZE=1000
HOSTNAME=cmswn1808.fnal.gov
LANG=C
LESSOPEN=|/usr/bin/lesspipe.sh %s
LOGNAME=jdimasva
MAIL=/var/spool/mail/jdimasva
MANPATH=/uscmst1/prod/sw/cms/share/man:
OSG_GRID=/etc/osg/wn-client/
OSG_WN_TMP=/storage/local/data1/condor/execute/dir_30582
PATH=/bin:/usr/bin:/uscmst1/prod/sw/cms/common:/uscmst1/prod/sw/cms/bin:/usr/krb5/bin:/usr/lib64/qt-3.3/bin:/usr/local/bin:/bin:/usr/bin:/usr/local/sbin:/usr/sbin:/sbin
PWD=/storage/local/data1/condor/execute/dir_30582
QTDIR=/usr/lib64/qt-3.3
QTINC=/usr/lib64/qt-3.3/include
QTLIB=/usr/lib64/qt-3.3/lib
SCRAM_ARCH=slc5_amd64_gcc462
SHLVL=1
TEMP=/storage/local/data1/condor/execute/dir_30582
TMP=/storage/local/data1/condor/execute/dir_30582
TMPDIR=/storage/local/data1/condor/execute/dir_30582
USER=jdimasva
VO_CMS_SW_DIR=/uscmst1/prod/sw/cms
X509_USER_PROXY=/storage/local/data1/condor/execute/dir_30582/x509up_u48631
_=/usr/bin/printenv
_CONDOR_ANCESTOR_30582=30587:1399768646:4084488005
_CONDOR_ANCESTOR_8134=8137:1396408805:602503620
_CONDOR_ANCESTOR_8137=30582:1399768644:3816483116
_CONDOR_JOB_AD=/storage/local/data1/condor/execute/dir_30582/.job.ad
_CONDOR_JOB_IWD=/storage/local/data1/condor/execute/dir_30582
_CONDOR_JOB_PIDS=
_CONDOR_MACHINE_AD=/storage/local/data1/condor/execute/dir_30582/.machine.ad
_CONDOR_SCRATCH_DIR=/storage/local/data1/condor/execute/dir_30582
_CONDOR_SLOT=slot1
_CONDOR_WRAPPER_ERROR_FILE=/storage/local/data1/condor/execute/dir_30582/.job_wrapper_failure
_JAVA_OPTIONS=-Xmx1024m
myverbose=no
cd to Condor scratch directory: /storage/local/data1/condor/execute/dir_30582
Today is Sat May 10 19:37:26 CDT 2014 - Sun May 11 00:37:26 UTC 2014
Job submitted on host cmswn1808.fnal.gov
Linux cmswn1808.fnal.gov 2.6.32-431.5.1.el6.x86_64 #1 SMP Tue Feb 11 13:30:01 CST 2014 x86_64 x86_64 x86_64 GNU/Linux
>>> current directory (RUNTIME_AREA): /storage/local/data1/condor/execute/dir_30582
>>> current user: uid=48631(jdimasva) gid=5063(us_cms) groups=5063(us_cms),9237(lpcgem)
>>> directory permission set to 0700
>>> umask set to:  u=rwx,g=,o=
>>> stdout stderr permission set to 0704
>>> voms proxy information:
subject   : /DC=ch/DC=cern/OU=Organic Units/OU=Users/CN=jdimasva/CN=753283/CN=Jose Roberto Dimas Valle/CN=279748057
issuer    : /DC=ch/DC=cern/OU=Organic Units/OU=Users/CN=jdimasva/CN=753283/CN=Jose Roberto Dimas Valle
identity  : /DC=ch/DC=cern/OU=Organic Units/OU=Users/CN=jdimasva/CN=753283/CN=Jose Roberto Dimas Valle
type      : RFC compliant proxy
strength  : 1024 bits
path      : /storage/local/data1/condor/execute/dir_30582/x509up_u48631
timeleft  : 189:43:35
key usage : Digital Signature, Key Encipherment, Data Encipherment
=== VO cms extension information ===
VO        : cms
subject   : /DC=ch/DC=cern/OU=Organic Units/OU=Users/CN=jdimasva/CN=753283/CN=Jose Roberto Dimas Valle
issuer    : /DC=ch/DC=cern/OU=computers/CN=lcg-voms.cern.ch
attribute : /cms/Role=NULL/Capability=NULL
timeleft  : 189:43:35
uri       : lcg-voms.cern.ch:15002
WNHostName=cmswn1808.fnal.gov
>>> tar --no-same-permissions -xf /storage/local/data1/condor/execute/dir_30582/default.tgz :
Successful untar
>>> Include /storage/local/data1/condor/execute/dir_30582 in PYTHONPATH:
strip arguments
out_files_4
>>> list of expected files on output sandbox
output files: crab_fjr_4.xml CMSSW_4.stdout CMSSW_4.stderr Watchdog_4.log.gz
MonitorJobID=4_https://cmslpc35.fnal.gov/2c67b217e2e944be6f6fe9018ffc08b8fdd6ff57/4
SyncGridJobId=https://cmslpc35.fnal.gov/2c67b217e2e944be6f6fe9018ffc08b8fdd6ff57/4
MonitorID=jdimasva_crab_runL1_SLHC_bd760f
SyncCE=condor.fnal.gov
>>> info for dashboard:
***** Cat /storage/local/data1/condor/execute/dir_30582/jobreport.txt *****
WNHostName=cmswn1808.fnal.gov
MonitorJobID=4_https://cmslpc35.fnal.gov/2c67b217e2e944be6f6fe9018ffc08b8fdd6ff57/4
SyncGridJobId=https://cmslpc35.fnal.gov/2c67b217e2e944be6f6fe9018ffc08b8fdd6ff57/4
MonitorID=jdimasva_crab_runL1_SLHC_bd760f
SyncCE=condor.fnal.gov
***** End Cat jobreport *****
Parameters sent to Dashboard.
>>> setup environment
set SCRAM ARCH to slc5_amd64_gcc472
SCRAM_ARCH = slc5_amd64_gcc472
>>> specific cmssw setup environment:
CMSSW_VERSION =  CMSSW_6_2_0_SLHC12
WARNING: Developer's area is created for architecture slc5_amd64_gcc472 while your current OS is SLC6.
>>> current directory (SOFTWARE_DIR): /storage/local/data1/condor/execute/dir_30582/CMSSW_6_2_0_SLHC12
PreserveSeeds: <>
IncrementSeeds:<>
>>> info for dashboard:
***** Cat /storage/local/data1/condor/execute/dir_30582/jobreport.txt *****
MonitorJobID=4_https://cmslpc35.fnal.gov/2c67b217e2e944be6f6fe9018ffc08b8fdd6ff57/4
MonitorID=jdimasva_crab_runL1_SLHC_bd760f
***** End Cat jobreport *****
Parameters sent to Dashboard.
crabWatchdog started as process 30772
>>> moving CMSSW software directories in /storage/local/data1/condor/execute/dir_30582/CMSSW_6_2_0_SLHC12
mv: cannot stat `/storage/local/data1/condor/execute/dir_30582/module/': No such file or directory
>>> Include /storage/local/data1/condor/execute/dir_30582 in PYTHONPATH:
PYTHONPATH=/storage/local/data1/condor/execute/dir_30582/:/storage/local/data1/condor/execute/dir_30582/CMSSW_6_2_0_SLHC12/python:/storage/local/data1/condor/execute/dir_30582/CMSSW_6_2_0_SLHC12/lib/slc5_amd64_gcc472:/uscmst1/prod/sw/cms/slc5_amd64_gcc472/cms/cmssw/CMSSW_6_2_0_SLHC12/python:/uscmst1/prod/sw/cms/slc5_amd64_gcc472/cms/cmssw/CMSSW_6_2_0_SLHC12/lib/slc5_amd64_gcc472:/uscmst1/prod/sw/cms/slc5_amd64_gcc472/cms/coral/CORAL_2_3_21-cms36/slc5_amd64_gcc472/python:/uscmst1/prod/sw/cms/slc5_amd64_gcc472/cms/coral/CORAL_2_3_21-cms36/slc5_amd64_gcc472/lib:/uscmst1/prod/sw/cms/slc5_amd64_gcc472/external/pyqt/4.8.1-cms6/lib/python2.7/site-packages:/uscmst1/prod/sw/cms/slc5_amd64_gcc472/external/py2-scipy/0.8.0-cms8/lib/python2.7/site-packages:/uscmst1/prod/sw/cms/slc5_amd64_gcc472/external/py2-matplotlib/1.0.1-cms8/lib/python2.7/site-packages:/uscmst1/prod/sw/cms/slc5_amd64_gcc472/external/python-ldap/2.3.5-cms6/lib/python2.7/site-packages:/uscmst1/prod/sw/cms/slc5_amd64_gcc472/external/sip/4.11.2-cms6/lib/python2.7/site-packages:/uscmst1/prod/sw/cms/slc5_amd64_gcc472/external/py2-pycurl/7.19.0-cms8/lib/python2.7/site-packages:/uscmst1/prod/sw/cms/slc5_amd64_gcc472/external/py2-numpy/1.6.1-cms8/lib/python2.7/site-packages:/uscmst1/prod/sw/cms/slc5_amd64_gcc472/external/py2-lint/0.25.1-cms6/lib/python2.7/site-packages:/uscmst1/prod/sw/cms/slc5_amd64_gcc472/external/py2-ipython/0.10-cms6/lib/python2.7/site-packages:/uscmst1/prod/sw/cms/slc5_amd64_gcc472/external/py2-cx-oracle/5.1-cms7/lib/python2.7/site-packages:/uscmst1/prod/sw/cms/slc5_amd64_gcc472/external/py2-cjson/1.0.5-cms6/lib/python2.7/site-packages:/uscmst1/prod/sw/cms/slc5_amd64_gcc472/cms/das-client/1.11.7/bin:/uscmst1/prod/sw/cms/slc5_amd64_gcc472/external/elementtree/1.2.6-cms6/share/lib/python2.7/site-packages:/uscmst1/prod/sw/cms/slc5_amd64_gcc472/external/rivet/1.8.2-cms8/lib/python2.7/site-packages:/uscmst1/prod/sw/cms/slc5_amd64_gcc472/external/pyminuit2/0.0.1-cms19/lib/python2.7/site-packages:/uscmst1/prod/sw/cms/slc5_amd64_gcc472/external/py2-pygithub/1.23.0/lib/python2.7/site-packages:/uscmst1/prod/sw/cms/slc5_amd64_gcc472/external/professor/1.0.0-cms19/lib/python2.7/site-packages:/uscmst1/prod/sw/cms/slc5_amd64_gcc472/lcg/root/5.34.07-cms/lib:/uscmst1/prod/sw/cms/slc5_amd64_gcc472/cms/dbs-client/DBS_2_1_9-cms5/lib:/uscmst1/prod/sw/cms/slc5_amd64_gcc472/cms/dbs-client/DBS_2_1_9-cms5/lib/DBSAPI:/uscmst1/prod/sw/cms/slc5_amd64_gcc472/external/cvs2git/5419-cms/lib:/storage/local/data1/condor/execute/dir_30582/
 
# LIMITS USED BY CRAB WATCHDOG:
# RSS  (KBytes)   : 2300000
# VSZ  (KBytes)   : 100000000
# DISK (MBytes)   : 19000
# CPU TIME        : 720h:0m:0s
# WALL CLOCK TIME : 21h:50m:0s
 
e8f3f0e0b2108b87f703b2f952bd71c6
PSETHASH = e8f3f0e0b2108b87f703b2f952bd71c6
/storage/local/data1/condor/execute/dir_30582/writeCfg.py pset.py pset.py
Importing .py file
Setting parameters
RandomNumberGeneratorService found, will attempt to change seeds
inputBlocks=/SingleMuPt2-50Fwdv2_1M/jdimasva-SingleMuPt2-50Fwdv2_100K_DIGI_PU140-7444237097ec40e1cd737724f1a85642/USER#2896b96a-9e02-4fe5-8603-a6a6998a7980
inputFiles=/store/user/jdimasva/SingleMuPt2-50Fwdv2_100K_DIGI_PU140/jdimasva/SingleMuPt2-50Fwdv2_1M/SingleMuPt2-50Fwdv2_100K_DIGI_PU140/7444237097ec40e1cd737724f1a85642/out_digi_126_2_tfQ.root;/store/user/jdimasva/SingleMuPt2-50Fwdv2_100K_DIGI_PU140/jdimasva/SingleMuPt2-50Fwdv2_1M/SingleMuPt2-50Fwdv2_100K_DIGI_PU140/7444237097ec40e1cd737724f1a85642/out_digi_127_1_lOE.root;/store/user/jdimasva/SingleMuPt2-50Fwdv2_100K_DIGI_PU140/jdimasva/SingleMuPt2-50Fwdv2_1M/SingleMuPt2-50Fwdv2_100K_DIGI_PU140/7444237097ec40e1cd737724f1a85642/out_digi_128_2_iWx.root;/store/user/jdimasva/SingleMuPt2-50Fwdv2_100K_DIGI_PU140/jdimasva/SingleMuPt2-50Fwdv2_1M/SingleMuPt2-50Fwdv2_100K_DIGI_PU140/7444237097ec40e1cd737724f1a85642/out_digi_129_1_Cp1.root;/store/user/jdimasva/SingleMuPt2-50Fwdv2_100K_DIGI_PU140/jdimasva/SingleMuPt2-50Fwdv2_1M/SingleMuPt2-50Fwdv2_100K_DIGI_PU140/7444237097ec40e1cd737724f1a85642/out_digi_130_1_lCE.root;/store/user/jdimasva/SingleMuPt2-50Fwdv2_100K_DIGI_PU140/jdimasva/SingleMuPt2-50Fwdv2_1M/SingleMuPt2-50Fwdv2_100K_DIGI_PU140/7444237097ec40e1cd737724f1a85642/out_digi_131_3_zSE.root;/store/user/jdimasva/SingleMuPt2-50Fwdv2_100K_DIGI_PU140/jdimasva/SingleMuPt2-50Fwdv2_1M/SingleMuPt2-50Fwdv2_100K_DIGI_PU140/7444237097ec40e1cd737724f1a85642/out_digi_132_2_YXs.root;/store/user/jdimasva/SingleMuPt2-50Fwdv2_100K_DIGI_PU140/jdimasva/SingleMuPt2-50Fwdv2_1M/SingleMuPt2-50Fwdv2_100K_DIGI_PU140/7444237097ec40e1cd737724f1a85642/out_digi_133_3_ZAc.root;/store/user/jdimasva/SingleMuPt2-50Fwdv2_100K_DIGI_PU140/jdimasva/SingleMuPt2-50Fwdv2_1M/SingleMuPt2-50Fwdv2_100K_DIGI_PU140/7444237097ec40e1cd737724f1a85642/out_digi_134_3_fKU.root;/store/user/jdimasva/SingleMuPt2-50Fwdv2_100K_DIGI_PU140/jdimasva/SingleMuPt2-50Fwdv2_1M/SingleMuPt2-50Fwdv2_100K_DIGI_PU140/7444237097ec40e1cd737724f1a85642/out_digi_135_3_Dua.root;/store/user/jdimasva/SingleMuPt2-50Fwdv2_100K_DIGI_PU140/jdimasva/SingleMuPt2-50Fwdv2_1M/SingleMuPt2-50Fwdv2_100K_DIGI_PU140/7444237097ec40e1cd737724f1a85642/out_digi_136_2_4Z3.root;/store/user/jdimasva/SingleMuPt2-50Fwdv2_100K_DIGI_PU140/jdimasva/SingleMuPt2-50Fwdv2_1M/SingleMuPt2-50Fwdv2_100K_DIGI_PU140/7444237097ec40e1cd737724f1a85642/out_digi_137_6_RZp.root;/store/user/jdimasva/SingleMuPt2-50Fwdv2_100K_DIGI_PU140/jdimasva/SingleMuPt2-50Fwdv2_1M/SingleMuPt2-50Fwdv2_100K_DIGI_PU140/7444237097ec40e1cd737724f1a85642/out_digi_138_3_wgX.root;/store/user/jdimasva/SingleMuPt2-50Fwdv2_100K_DIGI_PU140/jdimasva/SingleMuPt2-50Fwdv2_1M/SingleMuPt2-50Fwdv2_100K_DIGI_PU140/7444237097ec40e1cd737724f1a85642/out_digi_139_3_u7u.root;/store/user/jdimasva/SingleMuPt2-50Fwdv2_100K_DIGI_PU140/jdimasva/SingleMuPt2-50Fwdv2_1M/SingleMuPt2-50Fwdv2_100K_DIGI_PU140/7444237097ec40e1cd737724f1a85642/out_digi_140_2_U8S.root;/store/user/jdimasva/SingleMuPt2-50Fwdv2_100K_DIGI_PU140/jdimasva/SingleMuPt2-50Fwdv2_1M/SingleMuPt2-50Fwdv2_100K_DIGI_PU140/7444237097ec40e1cd737724f1a85642/out_digi_141_2_4Yy.root;/store/user/jdimasva/SingleMuPt2-50Fwdv2_100K_DIGI_PU140/jdimasva/SingleMuPt2-50Fwdv2_1M/SingleMuPt2-50Fwdv2_100K_DIGI_PU140/7444237097ec40e1cd737724f1a85642/out_digi_142_3_ONV.root;/store/user/jdimasva/SingleMuPt2-50Fwdv2_100K_DIGI_PU140/jdimasva/SingleMuPt2-50Fwdv2_1M/SingleMuPt2-50Fwdv2_100K_DIGI_PU140/7444237097ec40e1cd737724f1a85642/out_digi_143_3_EmQ.root;/store/user/jdimasva/SingleMuPt2-50Fwdv2_100K_DIGI_PU140/jdimasva/SingleMuPt2-50Fwdv2_1M/SingleMuPt2-50Fwdv2_100K_DIGI_PU140/7444237097ec40e1cd737724f1a85642/out_digi_144_1_hLr.root;/store/user/jdimasva/SingleMuPt2-50Fwdv2_100K_DIGI_PU140/jdimasva/SingleMuPt2-50Fwdv2_1M/SingleMuPt2-50Fwdv2_100K_DIGI_PU140/7444237097ec40e1cd737724f1a85642/out_digi_145_3_vCQ.root;/store/user/jdimasva/SingleMuPt2-50Fwdv2_100K_DIGI_PU140/jdimasva/SingleMuPt2-50Fwdv2_1M/SingleMuPt2-50Fwdv2_100K_DIGI_PU140/7444237097ec40e1cd737724f1a85642/out_digi_146_2_8eO.root;/store/user/jdimasva/SingleMuPt2-50Fwdv2_100K_DIGI_PU140/jdimasva/SingleMuPt2-50Fwdv2_1M/SingleMuPt2-50Fwdv2_100K_DIGI_PU140/7444237097ec40e1cd737724f1a85642/out_digi_147_3_5o7.root;/store/user/jdimasva/SingleMuPt2-50Fwdv2_100K_DIGI_PU140/jdimasva/SingleMuPt2-50Fwdv2_1M/SingleMuPt2-50Fwdv2_100K_DIGI_PU140/7444237097ec40e1cd737724f1a85642/out_digi_148_1_zT4.root;/store/user/jdimasva/SingleMuPt2-50Fwdv2_100K_DIGI_PU140/jdimasva/SingleMuPt2-50Fwdv2_1M/SingleMuPt2-50Fwdv2_100K_DIGI_PU140/7444237097ec40e1cd737724f1a85642/out_digi_149_2_lqF.root;/store/user/jdimasva/SingleMuPt2-50Fwdv2_100K_DIGI_PU140/jdimasva/SingleMuPt2-50Fwdv2_1M/SingleMuPt2-50Fwdv2_100K_DIGI_PU140/7444237097ec40e1cd737724f1a85642/out_digi_150_3_6gg.root
parentFiles=
lumisRange=
>>> Executable cmsRun
/uscmst1/prod/sw/cms/slc5_amd64_gcc472/cms/cmssw/CMSSW_6_2_0_SLHC12/bin/slc5_amd64_gcc472/cmsRun
ok executable found
>>> info for dashboard:
***** Cat /storage/local/data1/condor/execute/dir_30582/jobreport.txt *****
MonitorJobID=4_https://cmslpc35.fnal.gov/2c67b217e2e944be6f6fe9018ffc08b8fdd6ff57/4
MonitorID=jdimasva_crab_runL1_SLHC_bd760f
ExeStart=cmsRun
***** End Cat jobreport *****
Parameters sent to Dashboard.
>>> cmsRun started at Sun May 11 00:37:41 UTC 2014
>>> cmsRun ended at Sun May 11 00:37:56 UTC 2014
>>> crab_fjr_*.xml  permission set to 0704
>>> info for dashboard:
***** Cat /storage/local/data1/condor/execute/dir_30582/jobreport.txt *****
MonitorJobID=4_https://cmslpc35.fnal.gov/2c67b217e2e944be6f6fe9018ffc08b8fdd6ff57/4
MonitorID=jdimasva_crab_runL1_SLHC_bd760f
ExeEnd=cmsRun
***** End Cat jobreport *****
Parameters sent to Dashboard.
TIME_EXE = 15 sec
>>> cmsRun wrote 15 lines of stdout+stderr
>>> START OF printout of 15 lines from stdout+stderr
271 DQMStore::DQMStore 
HcalTopologyIdealEP::HcalTopologyIdealEP
10-May-2014 19:37:53 CDT  Initiating request to open file root://cmsxrootd-site.fnal.gov//store/user/jdimasva/SingleMuPt2-50Fwdv2_100K_DIGI_PU140/jdimasva/SingleMuPt2-50Fwdv2_1M/SingleMuPt2-50Fwdv2_100K_DIGI_PU140/7444237097ec40e1cd737724f1a85642/out_digi_126_2_tfQ.root
10-May-2014 19:37:54 CDT  Successfully opened file root://cmsxrootd-site.fnal.gov//store/user/jdimasva/SingleMuPt2-50Fwdv2_100K_DIGI_PU140/jdimasva/SingleMuPt2-50Fwdv2_1M/SingleMuPt2-50Fwdv2_100K_DIGI_PU140/7444237097ec40e1cd737724f1a85642/out_digi_126_2_tfQ.root
disableME1a = 0
10-May-2014 19:37:56 CDT  Closed file root://cmsxrootd-site.fnal.gov//store/user/jdimasva/SingleMuPt2-50Fwdv2_100K_DIGI_PU140/jdimasva/SingleMuPt2-50Fwdv2_1M/SingleMuPt2-50Fwdv2_100K_DIGI_PU140/7444237097ec40e1cd737724f1a85642/out_digi_126_2_tfQ.root
----- Begin Fatal Exception 10-May-2014 19:37:56 CDT-----------------------
An exception of category 'Configuration' occurred while
   [0] Constructing the EventProcessor
   [1] Constructing module: class=CSCTriggerPrimitivesProducer label='simCscTriggerPrimitiveDigis'
Exception Message:
StatusMismatch: Parameter 'dropLowQualityALCTsNoGEMs_ME1a' is designated as untracked in the code,
but is not designated as untracked in the configuration file.
Please change the configuration file to 'untracked <type> dropLowQualityALCTsNoGEMs_ME1a'.
----- End Fatal Exception -------------------------------------------------
>>> END OF printout of 15 lines from stdout+stderr
>>> ERROR: Fatal Exception from CMSSW:
----- Begin Fatal Exception 10-May-2014 19:37:56 CDT-----------------------
An exception of category 'Configuration' occurred while
   [0] Constructing the EventProcessor
   [1] Constructing module: class=CSCTriggerPrimitivesProducer label='simCscTriggerPrimitiveDigis'
Exception Message:
StatusMismatch: Parameter 'dropLowQualityALCTsNoGEMs_ME1a' is designated as untracked in the code,
but is not designated as untracked in the configuration file.
Please change the configuration file to 'untracked <type> dropLowQualityALCTsNoGEMs_ME1a'.
----- End Fatal Exception -------------------------------------------------
>>> Parse FrameworkJobReport crab_fjr.xml
Result of parsing the FrameworkJobReport crab_fjr.xml: 
Extracted ExitStatus from FrameworkJobReport parsing output: 8009
>>> Executable failed  8009
ExeExitCode=8009
EXECUTABLE_EXIT_STATUS = 8009
CrabWrapper EXIT_FUNC entered at Sat May 10 19:37:59 CDT 2014   -  Sun May 11 00:37:59 UTC 2014
Checking output files:  
will tar file crab_fjr_4.xml in  out_files_4
WARNING: output file CMSSW_4.stdout not found!
WARNING: output file CMSSW_4.stderr not found!
WARNING: output file Watchdog_4.log.gz not found!
>>> padding time: Wrapper lasting more than 0 seconds. No sleep required.
STOPPING WATCHDOG. CrabWatchdog PID is 30772
********** LAST 50 LINES OF WATCHDOG LOG
# RESOURCE USAGE SUMMARY FOR PROCESS ID 30587
USER       PID %CPU %MEM    VSZ   RSS TTY      STAT START   TIME COMMAND
jdimasva 30587  0.7  0.0  14436  1908 ?        SNs  19:37   0:00 /bin/sh /storage/local/data1/condor/execute/dir_30582/condor_exec.exe 4 1
 
# LIMITS USED BY CRAB WATCHDOG:
# RSS  (KBytes)   : 2300000
# VSZ  (KBytes)   : 100000000
# DISK (MBytes)   : 19000
# CPU TIME        : 720h:0m:0s
# WALL CLOCK TIME : 21h:50m:0s
 
# FOLLOWING PRINTOUT TRACKS MAXIMUM VALUES OF RESOURCES USE
# ONE LINE IS PRINTED EACH TIME A MAXIMUM CHANGES
# IF CHANGE WAS IN RSS OR VSZ ALSO PROCID AND COMMAND ARE PRINTED
# THERE IS NO PRINTOUT FOR CPU/WALL TIME INCREASE
 
# TIME			PID	RSS(KB)	VSZ(KB)	Dsk(MB)	tCPU(s)	tWALL(s)	COMMAND
 May 10 19:37:36 CDT	30587	1908	14436	0	0	0	/bin/sh /storage/local/data1/condor/execute/dir_30582/condor_exec.exe 4 1       
 May 10 19:37:36 CDT	30784	26264	91476	0	0	0	edmConfigHash pset.py         
 May 10 19:37:36 CDT	---	26264	91476	138	----	----	----
********** WATCHDOG LOG ENDED
ZIPPING WATCHDOG LOG
Disk space used:
du -sh /storage/local/data1/condor/execute/dir_30582
182M	/storage/local/data1/condor/execute/dir_30582
Found unusual stdout, rename for OSB
`/storage/local/data1/condor/execute/dir_30582/_condor_stdout' -> `CMSSW_4.stdout'
Found unusual stderr, rename for OSB
`/storage/local/data1/condor/execute/dir_30582/_condor_stdout' -> `CMSSW_4.stderr'
JOB_EXIT_STATUS = 8009
>>> info for dashboard:
***** Cat /storage/local/data1/condor/execute/dir_30582/jobreport.txt *****
MonitorJobID=4_https://cmslpc35.fnal.gov/2c67b217e2e944be6f6fe9018ffc08b8fdd6ff57/4
MonitorID=jdimasva_crab_runL1_SLHC_bd760f
ExeTime=15
ExeExitCode=8009
CrabUserCpuTime=11.18
CrabSysCpuTime=1.12
CrabCpuPercentage=79%
CrabWrapperTime=32
CrabStageoutTime=NULL
JobExitCode=8009
***** End Cat jobreport *****
Parameters sent to Dashboard.
EXITING at Sat May 10 19:38:01 CDT 2014  -  Sun May 11 00:38:01 UTC 2014
